
  .   ____          _            __ _ _
 /\\ / ___'_ __ _ _(_)_ __  __ _ \ \ \ \
( ( )\___ | '_ | '_| | '_ \/ _` | \ \ \ \
 \\/  ___)| |_)| | | | | || (_| |  ) ) ) )
  '  |____| .__|_| |_|_| |_\__, | / / / /
 =========|_|==============|___/=/_/_/_/
 :: Spring Boot ::                (v3.2.5)

{"@timestamp":"2026-06-12T08:03:00.5088282+05:30","@version":"1","message":"Starting AccountServiceApplication v1.0.0 using Java 21.0.10 with PID 16748 (E:\\EventLedger\\account-service\\target\\account-service-1.0.0.jar started by Sarathkumar Ravi in E:\\EventLedger)","logger_name":"com.eventledger.account.AccountServiceApplication","thread_name":"main","level":"INFO","level_value":20000,"appName":"account-service","service":"account-service"}
{"@timestamp":"2026-06-12T08:03:00.5425167+05:30","@version":"1","message":"Running with Spring Boot v3.2.5, Spring v6.1.6","logger_name":"com.eventledger.account.AccountServiceApplication","thread_name":"main","level":"DEBUG","level_value":10000,"appName":"account-service","service":"account-service"}
{"@timestamp":"2026-06-12T08:03:00.5445157+05:30","@version":"1","message":"No active profile set, falling back to 1 default profile: \"default\"","logger_name":"com.eventledger.account.AccountServiceApplication","thread_name":"main","level":"INFO","level_value":20000,"appName":"account-service","service":"account-service"}
{"@timestamp":"2026-06-12T08:03:01.7098251+05:30","@version":"1","message":"Bootstrapping Spring Data JPA repositories in DEFAULT mode.","logger_name":"org.springframework.data.repository.config.RepositoryConfigurationDelegate","thread_name":"main","level":"INFO","level_value":20000,"appName":"account-service","service":"account-service"}
{"@timestamp":"2026-06-12T08:03:01.7752065+05:30","@version":"1","message":"Finished Spring Data repository scanning in 52 ms. Found 2 JPA repository interfaces.","logger_name":"org.springframework.data.repository.config.RepositoryConfigurationDelegate","thread_name":"main","level":"INFO","level_value":20000,"appName":"account-service","service":"account-service"}
{"@timestamp":"2026-06-12T08:03:02.8355817+05:30","@version":"1","message":"Tomcat initialized with port 8081 (http)","logger_name":"org.springframework.boot.web.embedded.tomcat.TomcatWebServer","thread_name":"main","level":"INFO","level_value":20000,"appName":"account-service","service":"account-service"}
{"@timestamp":"2026-06-12T08:03:02.8493906+05:30","@version":"1","message":"Initializing ProtocolHandler [\"http-nio-8081\"]","logger_name":"org.apache.coyote.http11.Http11NioProtocol","thread_name":"main","level":"INFO","level_value":20000,"appName":"account-service","service":"account-service"}
{"@timestamp":"2026-06-12T08:03:02.855052+05:30","@version":"1","message":"Starting service [Tomcat]","logger_name":"org.apache.catalina.core.StandardService","thread_name":"main","level":"INFO","level_value":20000,"appName":"account-service","service":"account-service"}
{"@timestamp":"2026-06-12T08:03:02.855052+05:30","@version":"1","message":"Starting Servlet engine: [Apache Tomcat/10.1.20]","logger_name":"org.apache.catalina.core.StandardEngine","thread_name":"main","level":"INFO","level_value":20000,"appName":"account-service","service":"account-service"}
{"@timestamp":"2026-06-12T08:03:02.9107822+05:30","@version":"1","message":"Initializing Spring embedded WebApplicationContext","logger_name":"org.apache.catalina.core.ContainerBase.[Tomcat].[localhost].[/]","thread_name":"main","level":"INFO","level_value":20000,"appName":"account-service","service":"account-service"}
{"@timestamp":"2026-06-12T08:03:02.9133609+05:30","@version":"1","message":"Root WebApplicationContext: initialization completed in 2312 ms","logger_name":"org.springframework.boot.web.servlet.context.ServletWebServerApplicationContext","thread_name":"main","level":"INFO","level_value":20000,"appName":"account-service","service":"account-service"}
{"@timestamp":"2026-06-12T08:03:03.5367419+05:30","@version":"1","message":"HikariPool-1 - Starting...","logger_name":"com.zaxxer.hikari.HikariDataSource","thread_name":"main","level":"INFO","level_value":20000,"appName":"account-service","service":"account-service"}
{"@timestamp":"2026-06-12T08:03:03.8838498+05:30","@version":"1","message":"HikariPool-1 - Added connection conn0: url=jdbc:h2:mem:accountservicedb user=SA","logger_name":"com.zaxxer.hikari.pool.HikariPool","thread_name":"main","level":"INFO","level_value":20000,"appName":"account-service","service":"account-service"}
{"@timestamp":"2026-06-12T08:03:03.8838498+05:30","@version":"1","message":"HikariPool-1 - Start completed.","logger_name":"com.zaxxer.hikari.HikariDataSource","thread_name":"main","level":"INFO","level_value":20000,"appName":"account-service","service":"account-service"}
{"@timestamp":"2026-06-12T08:03:03.8986225+05:30","@version":"1","message":"H2 console available at '/h2-console'. Database available at 'jdbc:h2:mem:accountservicedb'","logger_name":"org.springframework.boot.autoconfigure.h2.H2ConsoleAutoConfiguration","thread_name":"main","level":"INFO","level_value":20000,"appName":"account-service","service":"account-service"}
{"@timestamp":"2026-06-12T08:03:04.5680302+05:30","@version":"1","message":"HHH000204: Processing PersistenceUnitInfo [name: default]","logger_name":"org.hibernate.jpa.internal.util.LogHelper","thread_name":"main","level":"INFO","level_value":20000,"appName":"account-service","service":"account-service"}
{"@timestamp":"2026-06-12T08:03:04.7422889+05:30","@version":"1","message":"HHH000412: Hibernate ORM core version 6.4.4.Final","logger_name":"org.hibernate.Version","thread_name":"main","level":"INFO","level_value":20000,"appName":"account-service","service":"account-service"}
{"@timestamp":"2026-06-12T08:03:04.7986077+05:30","@version":"1","message":"HHH000026: Second-level cache disabled","logger_name":"org.hibernate.cache.internal.RegionFactoryInitiator","thread_name":"main","level":"INFO","level_value":20000,"appName":"account-service","service":"account-service"}
{"@timestamp":"2026-06-12T08:03:05.1357419+05:30","@version":"1","message":"No LoadTimeWeaver setup: ignoring JPA class transformer","logger_name":"org.springframework.orm.jpa.persistenceunit.SpringPersistenceUnitInfo","thread_name":"main","level":"INFO","level_value":20000,"appName":"account-service","service":"account-service"}
{"@timestamp":"2026-06-12T08:03:05.185161+05:30","@version":"1","message":"HHH90000025: H2Dialect does not need to be specified explicitly using 'hibernate.dialect' (remove the property setting and it will be selected by default)","logger_name":"org.hibernate.orm.deprecation","thread_name":"main","level":"WARN","level_value":30000,"appName":"account-service","service":"account-service"}
{"@timestamp":"2026-06-12T08:03:05.9802528+05:30","@version":"1","message":"HHH000489: No JTA platform available (set 'hibernate.transaction.jta.platform' to enable JTA platform integration)","logger_name":"org.hibernate.engine.transaction.jta.platform.internal.JtaPlatformInitiator","thread_name":"main","level":"INFO","level_value":20000,"appName":"account-service","service":"account-service"}
{"@timestamp":"2026-06-12T08:03:06.0258074+05:30","@version":"1","message":"Initialized JPA EntityManagerFactory for persistence unit 'default'","logger_name":"org.springframework.orm.jpa.LocalContainerEntityManagerFactoryBean","thread_name":"main","level":"INFO","level_value":20000,"appName":"account-service","service":"account-service"}
{"@timestamp":"2026-06-12T08:03:06.5579645+05:30","@version":"1","message":"Hibernate is in classpath; If applicable, HQL parser will be used.","logger_name":"org.springframework.data.jpa.repository.query.QueryEnhancerFactory","thread_name":"main","level":"INFO","level_value":20000,"appName":"account-service","service":"account-service"}
{"@timestamp":"2026-06-12T08:03:07.5714887+05:30","@version":"1","message":"spring.jpa.open-in-view is enabled by default. Therefore, database queries may be performed during view rendering. Explicitly configure spring.jpa.open-in-view to disable this warning","logger_name":"org.springframework.boot.autoconfigure.orm.jpa.JpaBaseConfiguration$JpaWebConfiguration","thread_name":"main","level":"WARN","level_value":30000,"appName":"account-service","service":"account-service"}
{"@timestamp":"2026-06-12T08:03:09.320299+05:30","@version":"1","message":"Exposing 3 endpoint(s) beneath base path '/actuator'","logger_name":"org.springframework.boot.actuate.endpoint.web.EndpointLinksResolver","thread_name":"main","level":"INFO","level_value":20000,"appName":"account-service","service":"account-service"}
{"@timestamp":"2026-06-12T08:03:09.4800761+05:30","@version":"1","message":"Starting ProtocolHandler [\"http-nio-8081\"]","logger_name":"org.apache.coyote.http11.Http11NioProtocol","thread_name":"main","level":"INFO","level_value":20000,"appName":"account-service","service":"account-service"}
{"@timestamp":"2026-06-12T08:03:09.5400898+05:30","@version":"1","message":"Tomcat started on port 8081 (http) with context path ''","logger_name":"org.springframework.boot.web.embedded.tomcat.TomcatWebServer","thread_name":"main","level":"INFO","level_value":20000,"appName":"account-service","service":"account-service"}
{"@timestamp":"2026-06-12T08:03:09.5661056+05:30","@version":"1","message":"Started AccountServiceApplication in 9.862 seconds (process running for 10.603)","logger_name":"com.eventledger.account.AccountServiceApplication","thread_name":"main","level":"INFO","level_value":20000,"appName":"account-service","service":"account-service"}
{"@timestamp":"2026-06-12T08:03:12.6453453+05:30","@version":"1","message":"Initializing Spring DispatcherServlet 'dispatcherServlet'","logger_name":"org.apache.catalina.core.ContainerBase.[Tomcat].[localhost].[/]","thread_name":"http-nio-8081-exec-1","level":"INFO","level_value":20000,"appName":"account-service","service":"account-service"}
{"@timestamp":"2026-06-12T08:03:12.6473455+05:30","@version":"1","message":"Initializing Servlet 'dispatcherServlet'","logger_name":"org.springframework.web.servlet.DispatcherServlet","thread_name":"http-nio-8081-exec-1","level":"INFO","level_value":20000,"appName":"account-service","service":"account-service"}
{"@timestamp":"2026-06-12T08:03:12.6483425+05:30","@version":"1","message":"Completed initialization in 0 ms","logger_name":"org.springframework.web.servlet.DispatcherServlet","thread_name":"http-nio-8081-exec-1","level":"INFO","level_value":20000,"appName":"account-service","service":"account-service"}
{"@timestamp":"2026-06-12T08:08:53.0615725+05:30","@version":"1","message":"Auto-creating account acct-smoke-01 on first transaction","logger_name":"com.eventledger.account.service.AccountService","thread_name":"http-nio-8081-exec-4","level":"DEBUG","level_value":10000,"appName":"account-service","traceId":"93bcd3906a7eb74e874e1606ed8dd731","spanId":"f1dba7fd2a2fed6a","service":"account-service"}
{"@timestamp":"2026-06-12T08:08:53.0881858+05:30","@version":"1","message":"Inserted transaction smoke-001 (CREDIT 150.00 USD) for account acct-smoke-01","logger_name":"com.eventledger.account.service.AccountService","thread_name":"http-nio-8081-exec-4","level":"DEBUG","level_value":10000,"appName":"account-service","traceId":"93bcd3906a7eb74e874e1606ed8dd731","spanId":"f1dba7fd2a2fed6a","service":"account-service"}
{"@timestamp":"2026-06-12T08:08:53.0901712+05:30","@version":"1","message":"Account acct-smoke-01 balance updated to 150.00 USD","logger_name":"com.eventledger.account.service.AccountService","thread_name":"http-nio-8081-exec-4","level":"DEBUG","level_value":10000,"appName":"account-service","traceId":"93bcd3906a7eb74e874e1606ed8dd731","spanId":"f1dba7fd2a2fed6a","service":"account-service"}
{"@timestamp":"2026-06-12T08:08:53.6947882+05:30","@version":"1","message":"Inserted transaction smoke-002 (DEBIT 50.00 USD) for account acct-smoke-01","logger_name":"com.eventledger.account.service.AccountService","thread_name":"http-nio-8081-exec-5","level":"DEBUG","level_value":10000,"appName":"account-service","traceId":"61e5904b758d9654f3474612ab34cd76","spanId":"cd1ce11b588aa99f","service":"account-service"}
{"@timestamp":"2026-06-12T08:08:53.6947882+05:30","@version":"1","message":"Account acct-smoke-01 balance updated to 100.00 USD","logger_name":"com.eventledger.account.service.AccountService","thread_name":"http-nio-8081-exec-5","level":"DEBUG","level_value":10000,"appName":"account-service","traceId":"61e5904b758d9654f3474612ab34cd76","spanId":"cd1ce11b588aa99f","service":"account-service"}
{"@timestamp":"2026-06-12T08:08:53.7614387+05:30","@version":"1","message":"Inserted transaction smoke-003 (CREDIT 200.00 USD) for account acct-smoke-01","logger_name":"com.eventledger.account.service.AccountService","thread_name":"http-nio-8081-exec-6","level":"DEBUG","level_value":10000,"appName":"account-service","traceId":"5b53060842812481f16a542c63946105","spanId":"4c580a51424a9373","service":"account-service"}
{"@timestamp":"2026-06-12T08:08:53.7614387+05:30","@version":"1","message":"Account acct-smoke-01 balance updated to 300.00 USD","logger_name":"com.eventledger.account.service.AccountService","thread_name":"http-nio-8081-exec-6","level":"DEBUG","level_value":10000,"appName":"account-service","traceId":"5b53060842812481f16a542c63946105","spanId":"4c580a51424a9373","service":"account-service"}
